MemTotal:        2021528 kB
MemFree:          156836 kB
MemAvailable:    1156668 kB
Buffers:           19100 kB
Cached:          1098768 kB
SwapCached:            0 kB
Active:          1127640 kB
Inactive:         442780 kB
Active(anon):     465028 kB
Inactive(anon):     1336 kB
Active(file):     662612 kB
Inactive(file):   441444 kB
Unevictable:       10716 kB
Mlocked:           10716 kB
SwapTotal:       1516140 kB
SwapFree:        1461100 kB
Dirty:               996 kB
Writeback:             0 kB
AnonPages:        463272 kB
Mapped:           546324 kB
Shmem:              4060 kB
KReclaimable:      54236 kB
Slab:             137908 kB
SReclaimable:      54236 kB
SUnreclaim:        83672 kB
KernelStack:       20816 kB
PageTables:        60684 kB
SecPageTables:         0 kB
NFS_Unstable:          0 kB
Bounce:                0 kB
WritebackTmp:          0 kB
CommitLimit:     2526904 kB
Committed_AS:   33235456 kB
VmallocTotal:   34359738367 kB
VmallocUsed:       41632 kB
VmallocChunk:          0 kB
Percpu:             2248 kB
AnonHugePages:         0 kB
ShmemHugePages:        0 kB
ShmemPmdMapped:        0 kB
FileHugePages:         0 kB
FilePmdMapped:         0 kB
CmaTotal:              0 kB
CmaFree:               0 kB
DirectMap4k:       59224 kB
DirectMap2M:     2037760 kB
